Reading netlist file: "/Volumes/mfrey/Documents/RISCV/TangNano-9K-example/picotiny/project/impl/gwsynthesis/picotiny.vg"
Parsing netlist file "/Volumes/mfrey/Documents/RISCV/TangNano-9K-example/picotiny/project/impl/gwsynthesis/picotiny.vg" completed
Processing netlist completed
Reading constraint file: "/Volumes/mfrey/Documents/RISCV/TangNano-9K-example/picotiny/project/picotiny.cst"
Physical Constraint parsed completed
Running placement......
[10%] Placement Phase 0 completed
[20%] Placement Phase 1 completed
[30%] Placement Phase 2 completed
WARN  (TA1132) :  'u_div_5/clkdiv_inst/CLKOUT.default_gen_clk' was determined to be a clock but was not created.
[50%] Placement Phase 3 completed
Running routing......
[60%] Routing Phase 0 completed
[70%] Routing Phase 1 completed
[80%] Routing Phase 2 completed
[90%] Routing Phase 3 completed
Running timing analysis......
[95%] Timing analysis completed
Placement and routing completed
Bitstream generation in progress......
Bitstream generation completed
Running power analysis......
[100%] Power analysis completed
Generate file "/Volumes/mfrey/Documents/RISCV/TangNano-9K-example/picotiny/project/impl/pnr/picotiny.power.html" completed
Generate file "/Volumes/mfrey/Documents/RISCV/TangNano-9K-example/picotiny/project/impl/pnr/picotiny.pin.html" completed
Generate file "/Volumes/mfrey/Documents/RISCV/TangNano-9K-example/picotiny/project/impl/pnr/picotiny.rpt.html" completed
Generate file "/Volumes/mfrey/Documents/RISCV/TangNano-9K-example/picotiny/project/impl/pnr/picotiny.rpt.txt" completed
Generate file "/Volumes/mfrey/Documents/RISCV/TangNano-9K-example/picotiny/project/impl/pnr/picotiny.tr.html" completed
Thu Oct  2 13:27:43 2025

